------------------------------------------------------------
Timing Analyzer Summary
------------------------------------------------------------

Type  : Slow 1200mV 85C Model Setup 'clock'
Slack : -9.260
TNS   : -891.161

Type  : Slow 1200mV 85C Model Setup 'divisor2s:inst1|aux'
Slack : -6.496
TNS   : -19.152

Type  : Slow 1200mV 85C Model Setup 'debounce:inst11|result'
Slack : -5.221
TNS   : -14.897

Type  : Slow 1200mV 85C Model Setup 'debounce:inst8|result'
Slack : -5.212
TNS   : -14.915

Type  : Slow 1200mV 85C Model Setup 'debounce:inst10|result'
Slack : -5.016
TNS   : -14.625

Type  : Slow 1200mV 85C Model Setup 'debounce:inst9|result'
Slack : -4.877
TNS   : -14.156

Type  : Slow 1200mV 85C Model Setup 'divisor:inst2|aux'
Slack : -2.876
TNS   : -36.554

Type  : Slow 1200mV 85C Model Hold 'clock'
Slack : 0.434
TNS   : 0.000

Type  : Slow 1200mV 85C Model Hold 'divisor:inst2|aux'
Slack : 0.453
TNS   : 0.000

Type  : Slow 1200mV 85C Model Hold 'debounce:inst10|result'
Slack : 0.454
TNS   : 0.000

Type  : Slow 1200mV 85C Model Hold 'debounce:inst11|result'
Slack : 0.454
TNS   : 0.000

Type  : Slow 1200mV 85C Model Hold 'debounce:inst8|result'
Slack : 0.454
TNS   : 0.000

Type  : Slow 1200mV 85C Model Hold 'debounce:inst9|result'
Slack : 0.454
TNS   : 0.000

Type  : Slow 1200mV 85C Model Hold 'divisor2s:inst1|aux'
Slack : 0.454
TNS   : 0.000

Type  : Slow 1200mV 85C Model Minimum Pulse Width 'clock'
Slack : -3.000
TNS   : -306.348

Type  : Slow 1200mV 85C Model Minimum Pulse Width 'divisor:inst2|aux'
Slack : -1.487
TNS   : -29.740

Type  : Slow 1200mV 85C Model Minimum Pulse Width 'debounce:inst10|result'
Slack : -1.487
TNS   : -4.461

Type  : Slow 1200mV 85C Model Minimum Pulse Width 'debounce:inst11|result'
Slack : -1.487
TNS   : -4.461

Type  : Slow 1200mV 85C Model Minimum Pulse Width 'debounce:inst8|result'
Slack : -1.487
TNS   : -4.461

Type  : Slow 1200mV 85C Model Minimum Pulse Width 'debounce:inst9|result'
Slack : -1.487
TNS   : -4.461

Type  : Slow 1200mV 85C Model Minimum Pulse Width 'divisor2s:inst1|aux'
Slack : -1.487
TNS   : -4.461

Type  : Slow 1200mV 0C Model Setup 'clock'
Slack : -8.485
TNS   : -810.956

Type  : Slow 1200mV 0C Model Setup 'divisor2s:inst1|aux'
Slack : -6.044
TNS   : -17.874

Type  : Slow 1200mV 0C Model Setup 'debounce:inst11|result'
Slack : -5.008
TNS   : -14.291

Type  : Slow 1200mV 0C Model Setup 'debounce:inst8|result'
Slack : -4.997
TNS   : -14.268

Type  : Slow 1200mV 0C Model Setup 'debounce:inst10|result'
Slack : -4.834
TNS   : -14.128

Type  : Slow 1200mV 0C Model Setup 'debounce:inst9|result'
Slack : -4.695
TNS   : -13.607

Type  : Slow 1200mV 0C Model Setup 'divisor:inst2|aux'
Slack : -2.644
TNS   : -33.110

Type  : Slow 1200mV 0C Model Hold 'clock'
Slack : 0.384
TNS   : 0.000

Type  : Slow 1200mV 0C Model Hold 'divisor2s:inst1|aux'
Slack : 0.402
TNS   : 0.000

Type  : Slow 1200mV 0C Model Hold 'divisor:inst2|aux'
Slack : 0.402
TNS   : 0.000

Type  : Slow 1200mV 0C Model Hold 'debounce:inst8|result'
Slack : 0.403
TNS   : 0.000

Type  : Slow 1200mV 0C Model Hold 'debounce:inst11|result'
Slack : 0.404
TNS   : 0.000

Type  : Slow 1200mV 0C Model Hold 'debounce:inst9|result'
Slack : 0.404
TNS   : 0.000

Type  : Slow 1200mV 0C Model Hold 'debounce:inst10|result'
Slack : 0.405
TNS   : 0.000

Type  : Slow 1200mV 0C Model Minimum Pulse Width 'clock'
Slack : -3.000
TNS   : -306.348

Type  : Slow 1200mV 0C Model Minimum Pulse Width 'divisor:inst2|aux'
Slack : -1.487
TNS   : -30.273

Type  : Slow 1200mV 0C Model Minimum Pulse Width 'debounce:inst10|result'
Slack : -1.487
TNS   : -4.461

Type  : Slow 1200mV 0C Model Minimum Pulse Width 'debounce:inst11|result'
Slack : -1.487
TNS   : -4.461

Type  : Slow 1200mV 0C Model Minimum Pulse Width 'debounce:inst8|result'
Slack : -1.487
TNS   : -4.461

Type  : Slow 1200mV 0C Model Minimum Pulse Width 'debounce:inst9|result'
Slack : -1.487
TNS   : -4.461

Type  : Slow 1200mV 0C Model Minimum Pulse Width 'divisor2s:inst1|aux'
Slack : -1.487
TNS   : -4.461

Type  : Fast 1200mV 0C Model Setup 'clock'
Slack : -3.425
TNS   : -268.162

Type  : Fast 1200mV 0C Model Setup 'divisor2s:inst1|aux'
Slack : -2.179
TNS   : -6.377

Type  : Fast 1200mV 0C Model Setup 'debounce:inst8|result'
Slack : -1.816
TNS   : -5.144

Type  : Fast 1200mV 0C Model Setup 'debounce:inst11|result'
Slack : -1.815
TNS   : -5.110

Type  : Fast 1200mV 0C Model Setup 'debounce:inst10|result'
Slack : -1.689
TNS   : -4.856

Type  : Fast 1200mV 0C Model Setup 'debounce:inst9|result'
Slack : -1.641
TNS   : -4.727

Type  : Fast 1200mV 0C Model Setup 'divisor:inst2|aux'
Slack : -0.729
TNS   : -6.302

Type  : Fast 1200mV 0C Model Hold 'debounce:inst9|result'
Slack : 0.173
TNS   : 0.000

Type  : Fast 1200mV 0C Model Hold 'clock'
Slack : 0.179
TNS   : 0.000

Type  : Fast 1200mV 0C Model Hold 'debounce:inst10|result'
Slack : 0.185
TNS   : 0.000

Type  : Fast 1200mV 0C Model Hold 'debounce:inst11|result'
Slack : 0.185
TNS   : 0.000

Type  : Fast 1200mV 0C Model Hold 'debounce:inst8|result'
Slack : 0.185
TNS   : 0.000

Type  : Fast 1200mV 0C Model Hold 'divisor2s:inst1|aux'
Slack : 0.187
TNS   : 0.000

Type  : Fast 1200mV 0C Model Hold 'divisor:inst2|aux'
Slack : 0.187
TNS   : 0.000

Type  : Fast 1200mV 0C Model Minimum Pulse Width 'clock'
Slack : -3.000
TNS   : -221.611

Type  : Fast 1200mV 0C Model Minimum Pulse Width 'divisor:inst2|aux'
Slack : -1.000
TNS   : -20.000

Type  : Fast 1200mV 0C Model Minimum Pulse Width 'debounce:inst10|result'
Slack : -1.000
TNS   : -3.000

Type  : Fast 1200mV 0C Model Minimum Pulse Width 'debounce:inst11|result'
Slack : -1.000
TNS   : -3.000

Type  : Fast 1200mV 0C Model Minimum Pulse Width 'debounce:inst8|result'
Slack : -1.000
TNS   : -3.000

Type  : Fast 1200mV 0C Model Minimum Pulse Width 'debounce:inst9|result'
Slack : -1.000
TNS   : -3.000

Type  : Fast 1200mV 0C Model Minimum Pulse Width 'divisor2s:inst1|aux'
Slack : -1.000
TNS   : -3.000

------------------------------------------------------------
